// Jest Snapshot v1, https://goo.gl/fbAQLP

exports[`MCAssessment editor Node builds the expected component 1`] = `
<div
  className="component obojobo-draft--chunks--mc-assessment is-response-type-pick-one-multiple-correct is-mode-practice is-not-showing-explanation is-not-scored"
  dummy="dummyData"
>
  <span
    className="instructions"
  >
    Pick all of the correct answers
     
  </span>
  mockChildren
  <div
    className="content-box"
  >
    <button
      onClick={[Function]}
    >
      Add Choice
    </button>
    <div
      contentEditable={false}
    >
      Response Type: 
      <select
        name="Response Type"
        onChange={[Function]}
        onClick={[Function]}
        value={undefined}
      >
        <option
          value="pick-one"
        >
          Pick One
        </option>
        <option
          value="pick-all"
        >
          Pick All
        </option>
      </select>
    </div>
    <div
      contentEditable={false}
    >
       Shuffle?
      <input
        checked={undefined}
        onChange={[Function]}
        type="checkbox"
      />
    </div>
  </div>
</div>
`;

exports[`MCAssessment editor Node component adds choice 1`] = `"<div class=\\"component obojobo-draft--chunks--mc-assessment is-response-type-pick-one-multiple-correct is-mode-practice is-not-showing-explanation is-not-scored\\"><span class=\\"instructions\\"><!-- react-text: 3 -->Pick all of the correct answers<!-- /react-text --><!-- react-text: 4 --> <!-- /react-text --></span><!-- react-text: 5 -->mockChildren<!-- /react-text --><div class=\\"content-box\\"><button>Add Choice</button><div contenteditable=\\"false\\"><!-- react-text: 9 -->Response Type: <!-- /react-text --><select name=\\"Response Type\\"><option value=\\"pick-one\\">Pick One</option><option value=\\"pick-all\\">Pick All</option></select></div><div contenteditable=\\"false\\"><!-- react-text: 14 --> Shuffle?<!-- /react-text --><input type=\\"checkbox\\" value=\\"on\\"></div></div></div>"`;

exports[`MCAssessment editor Node component changes shuffle 1`] = `"<div class=\\"component obojobo-draft--chunks--mc-assessment is-response-type-pick-one-multiple-correct is-mode-practice is-not-showing-explanation is-not-scored\\"><span class=\\"instructions\\"><!-- react-text: 3 -->Pick all of the correct answers<!-- /react-text --><!-- react-text: 4 --> <!-- /react-text --></span><!-- react-text: 5 -->mockChildren<!-- /react-text --><div class=\\"content-box\\"><button>Add Choice</button><div contenteditable=\\"false\\"><!-- react-text: 9 -->Response Type: <!-- /react-text --><select name=\\"Response Type\\"><option value=\\"pick-one\\">Pick One</option><option value=\\"pick-all\\">Pick All</option></select></div><div contenteditable=\\"false\\"><!-- react-text: 14 --> Shuffle?<!-- /react-text --><input type=\\"checkbox\\" value=\\"on\\"></div></div></div>"`;

exports[`MCAssessment editor Node component changes shuffle 2`] = `"<div class=\\"component obojobo-draft--chunks--mc-assessment is-response-type-pick-one-multiple-correct is-mode-practice is-not-showing-explanation is-not-scored\\"><span class=\\"instructions\\"><!-- react-text: 3 -->Pick all of the correct answers<!-- /react-text --><!-- react-text: 4 --> <!-- /react-text --></span><!-- react-text: 5 -->mockChildren<!-- /react-text --><div class=\\"content-box\\"><button>Add Choice</button><div contenteditable=\\"false\\"><!-- react-text: 9 -->Response Type: <!-- /react-text --><select name=\\"Response Type\\"><option value=\\"pick-one\\">Pick One</option><option value=\\"pick-all\\">Pick All</option></select></div><div contenteditable=\\"false\\"><!-- react-text: 14 --> Shuffle?<!-- /react-text --><input type=\\"checkbox\\" value=\\"on\\"></div></div></div>"`;

exports[`MCAssessment editor oboToSlate converts an OboNode to a Slate node 1`] = `
Object {
  "data": Object {
    "content": undefined,
  },
  "key": "mockKey",
  "nodes": Array [
    undefined,
    Object {
      "data": Object {
        "content": undefined,
      },
      "key": undefined,
      "object": "block",
      "type": "NotADefinedNode",
    },
  ],
  "object": "block",
  "type": "mockType",
}
`;

exports[`MCAssessment editor plugins.renderNode renders a button when passed 1`] = `
<Node
  node={
    Object {
      "data": Object {
        "get": [Function],
      },
      "type": "ObojoboDraft.Chunks.MCAssessment",
    }
  }
/>
`;

exports[`MCAssessment editor slateToObo converts a Slate node to an OboNode 1`] = `
Object {
  "children": Array [
    undefined,
    Object {
      "children": Array [],
      "id": undefined,
      "type": "NotADefinedNode",
    },
  ],
  "content": Object {
    "responseType": "pick-one",
  },
  "id": "mockKey",
  "type": "mockType",
}
`;

exports[`MCAssessment editor slateToObo converts a Slate node to an OboNode with no content 1`] = `
Object {
  "children": Array [
    Object {
      "children": Array [],
      "id": undefined,
      "type": "NotADefinedNode",
    },
  ],
  "content": Object {},
  "id": "mockKey",
  "type": "mockType",
}
`;

exports[`MCAssessment editor slateToObo converts a Slate node to an OboNode with two correct 1`] = `
Object {
  "children": Array [
    undefined,
    undefined,
    undefined,
  ],
  "content": Object {
    "responseType": "pick-one-multiple-correct",
  },
  "id": "mockKey",
  "type": "mockType",
}
`;
