// Jest Snapshot v1, https://goo.gl/fbAQLP

exports[`MCAssessment editor Node builds the expected component 1`] = `
<div
  className="component obojobo-draft--chunks--mc-assessment is-response-type-pick-one-multiple-correct is-mode-practice is-not-showing-explanation is-not-scored"
  dummy="dummyData"
>
  <span
    className="instructions"
  >
    Pick all of the correct answers
     
  </span>
  mockChildren
  <div
    className="content-box"
  >
    <button
      onClick={[Function]}
    >
      Add Choice
    </button>
    <div
      contentEditable={false}
    >
      Response Type: 
      <select
        name="Response Type"
        onChange={[Function]}
        onClick={[Function]}
        value={undefined}
      >
        <option
          value="pick-one"
        >
          Pick One
        </option>
        <option
          value="pick-all"
        >
          Pick All
        </option>
      </select>
    </div>
    <div
      contentEditable={false}
    >
       Shuffle?
      <input
        checked={undefined}
        onChange={[Function]}
        type="checkbox"
      />
    </div>
  </div>
</div>
`;

exports[`MCAssessment editor plugins.renderNode renders a button when passed 1`] = `
<Node
  node={
    Object {
      "data": Object {
        "get": [Function],
      },
      "type": "ObojoboDraft.Chunks.MCAssessment",
    }
  }
/>
`;
