// Jest Snapshot v1, https://goo.gl/fbAQLP

exports[`Module Module component 1`] = `
<div
  className="component obojobo-draft--modules--module"
  data-focussed={false}
  data-id="d58fe35d-66f3-4fcb-8a90-e2a2ddace2e9"
  data-obo-component={true}
  data-type="ObojoboDraft.Modules.Module"
  id="obo-d58fe35d-66f3-4fcb-8a90-e2a2ddace2e9"
>
  <div />
</div>
`;
