// Jest Snapshot v1, https://goo.gl/fbAQLP

exports[`Module Module component 1`] = `
<div
  className="component obojobo-draft--modules--module"
  data-focussed={false}
  data-id="289325ed-4e8f-41e2-951e-1f3637fb615f"
  data-obo-component={true}
  data-type="ObojoboDraft.Modules.Module"
  id="obo-289325ed-4e8f-41e2-951e-1f3637fb615f"
>
  <div />
</div>
`;
