// Jest Snapshot v1, https://goo.gl/fbAQLP

exports[`Module Module component 1`] = `
<div
  className="component obojobo-draft--modules--module"
  data-focussed={false}
  data-id="2560969f-ed03-4a5e-a179-f5b7803a66e3"
  data-obo-component={true}
  data-type="ObojoboDraft.Modules.Module"
  id="obo-2560969f-ed03-4a5e-a179-f5b7803a66e3"
>
  <div />
</div>
`;
