// Jest Snapshot v1, https://goo.gl/fbAQLP

exports[`Correctly converts xml to Table node 1`] = `
Object {
  "children": Array [],
  "content": Object {
    "textGroup": Object {
      "numCols": 1,
      "numRows": 1,
      "textGroup": Array [
        Object {
          "data": null,
          "text": Object {
            "styleList": Array [],
            "value": "test",
          },
        },
      ],
    },
  },
  "id": null,
  "type": "ObojoboDraft.Chunks.Table",
}
`;
