// Jest Snapshot v1, https://goo.gl/fbAQLP

exports[`Correctly converts xml to Module node 1`] = `
Object {
  "children": Array [
    Object {
      "children": Array [],
      "content": Object {},
      "id": null,
      "type": "ObojoboDraft.Sections.Content",
    },
  ],
  "content": Object {
    "title": "test",
  },
  "id": null,
  "type": "ObojoboDraft.Modules.Module",
}
`;
