// Jest Snapshot v1, https://goo.gl/fbAQLP

exports[`Editor Toolbar Bold component 1`] = `"<strong></strong>"`;

exports[`Editor Toolbar Italics component 1`] = `"<em></em>"`;

exports[`Editor Toolbar Latex component 1`] = `"<span class=\\"latex-editor\\"></span>"`;

exports[`Editor Toolbar Link component 1`] = `"<a href=\\"/view/00000000-0000-0000-0000-000000000000\\"></a>"`;

exports[`Editor Toolbar Monospace component 1`] = `"<code></code>"`;

exports[`Editor Toolbar Node component 1`] = `"<div><button>Bold</button><button>Italic</button><button>Strikethrough</button><button>Quote</button><button>Monospace</button><button>Latex</button><button>Link</button><button>Superscript</button><button>Subscript</button><button>Left</button><button>Right</button><button>Center</button></div>"`;

exports[`Editor Toolbar Node component toggles Basic Mark 1`] = `"<div><button>Bold</button><button>Italic</button><button>Strikethrough</button><button>Quote</button><button>Monospace</button><button>Latex</button><button>Link</button><button>Superscript</button><button>Subscript</button><button>Left</button><button>Right</button><button>Center</button></div>"`;

exports[`Editor Toolbar Node component toggles Link 1`] = `"<div><button>Bold</button><button>Italic</button><button>Strikethrough</button><button>Quote</button><button>Monospace</button><button>Latex</button><button>Link</button><button>Superscript</button><button>Subscript</button><button>Left</button><button>Right</button><button>Center</button></div>"`;

exports[`Editor Toolbar Node component toggles Subscript 1`] = `"<div><button>Bold</button><button>Italic</button><button>Strikethrough</button><button>Quote</button><button>Monospace</button><button>Latex</button><button>Link</button><button>Superscript</button><button>Subscript</button><button>Left</button><button>Right</button><button>Center</button></div>"`;

exports[`Editor Toolbar Node component toggles Superscript 1`] = `"<div><button>Bold</button><button>Italic</button><button>Strikethrough</button><button>Quote</button><button>Monospace</button><button>Latex</button><button>Link</button><button>Superscript</button><button>Subscript</button><button>Left</button><button>Right</button><button>Center</button></div>"`;

exports[`Editor Toolbar Node component toggles left align 1`] = `"<div><button>Bold</button><button>Italic</button><button>Strikethrough</button><button>Quote</button><button>Monospace</button><button>Latex</button><button>Link</button><button>Superscript</button><button>Subscript</button><button>Left</button><button>Right</button><button>Center</button></div>"`;

exports[`Editor Toolbar Quote component 1`] = `"<q></q>"`;

exports[`Editor Toolbar Strike component 1`] = `"<del></del>"`;

exports[`Editor Toolbar Subscript component 1`] = `"<sub></sub>"`;

exports[`Editor Toolbar Superscript component 1`] = `"<sup></sup>"`;
